// Jest Snapshot v1, https://goo.gl/fbAQLP

exports[`\`BadArg\` should: serialize correctly when stringified 1`] = `"{\\"error\\":{\\"name\\":\\"BAD_ARGUMENT\\",\\"message\\":\\"boo\\",\\"stacktrace\\":\\"BAD_ARGUMENT: boo\\\\n    at Object.<anonymous> (/Users/ameyghani/projects/beyond/roa/roa-ui/apiserver/src/shared/value/value.test.js:133:17)\\\\n    at Object.asyncJestTest (/Users/ameyghani/projects/beyond/roa/roa-ui/node_modules/jest-jasmine2/build/jasmineAsyncInstall.js:102:37)\\\\n    at resolve (/Users/ameyghani/projects/beyond/roa/roa-ui/node_modules/jest-jasmine2/build/queueRunner.js:43:12)\\\\n    at new Promise (<anonymous>)\\\\n    at mapper (/Users/ameyghani/projects/beyond/roa/roa-ui/node_modules/jest-jasmine2/build/queueRunner.js:26:19)\\\\n    at promise.then (/Users/ameyghani/projects/beyond/roa/roa-ui/node_modules/jest-jasmine2/build/queueRunner.js:73:41)\\\\n    at process._tickCallback (internal/process/next_tick.js:68:7)\\"}}"`;
